ILI9488_SPI.c:122:9:ILI9488_GetDirection	4	static
ILI9488_SPI.c:128:6:ILI9488_SPI_Send	16	static
ILI9488_SPI.c:134:6:ILI9488_Write_Command	16	static
ILI9488_SPI.c:143:6:ILI9488_Write_Data	16	static
ILI9488_SPI.c:152:6:ILI9488_Set_Address	24	static
ILI9488_SPI.c:170:6:ILI9488_Reset	8	static
ILI9488_SPI.c:181:6:ILI9488_Set_Rotation	16	static
ILI9488_SPI.c:216:6:ILI9488_Init	8	static
ILI9488_SPI.c:320:6:ILI9488_Draw_Colour	24	static
ILI9488_SPI.c:333:6:ILI9488_Draw_Colour_Burst_18BIT	64	dynamic
ILI9488_SPI.c:383:6:ILI9488_Fill_Screen	16	static
ILI9488_SPI.c:389:6:ILI9488_Draw_Pixel	32	static
ILI9488_SPI.c:439:6:ILI9488_Draw_Fill_Rectangle	24	static
ILI9488_SPI.c:457:6:ILI9488_Draw_Horizontal_Line	24	static
ILI9488_SPI.c:470:6:ILI9488_Draw_Vertical_Line	24	static
ILI9488_SPI.c:484:6:ILI9488_Draw_Rectangle	32	static
ILI9488_SPI.c:492:6:ILI9488_Draw_Circle	40	static
ILI9488_SPI.c:528:6:ILI9488_LCD_Font	56	static
ILI9488_SPI.c:578:6:ILI9488_LCD_RESIM	2448	static
